[2026-08-19 06:37:04] === enhance · modpot · words=120000 loc>=10000 langs=9 push=True ===
[2026-08-19 06:37:10] phase DOCS — longform 120000-word corpus -> docs/corpus/
[2026-08-19 16:35:56] phase POLYGLOT — expanding to >= 10000 LOC across 9 languages
[2026-08-19 16:36:28]   facets: ['modbus_dnp3_parser', 'ics_honeypot_server', 'register_state_db', 'request_processor', 'json_log_formatter', 'log_persistence']
[2026-08-19 16:38:40]   +polyglot/python/modbus_dnp3_parser.py  (loc now ~4371)
[2026-08-19 16:40:34]   +polyglot/go/modbus_dnp3_parser.go  (loc now ~4877)
[2026-08-19 16:42:28]   +polyglot/rust/modbus_dnp3_parser.rs  (loc now ~5332)
[2026-08-19 16:44:37]   +polyglot/typescript/modbus_dnp3_parser.ts  (loc now ~5736)
[2026-08-19 16:45:51]   +polyglot/c/modbus_dnp3_parser.c  (loc now ~5968)
[2026-08-19 16:47:35]   +polyglot/cpp/modbus_dnp3_parser.cpp  (loc now ~6298)
[2026-08-19 16:49:34]   +polyglot/java/modbus_dnp3_parser.java  (loc now ~6665)
[2026-08-19 16:51:29]   +polyglot/ruby/modbus_dnp3_parser.rb  (loc now ~7066)
[2026-08-19 16:53:43]   +polyglot/csharp/modbus_dnp3_parser.cs  (loc now ~7562)
[2026-08-19 16:55:37]   +polyglot/python/ics_honeypot_server.py  (loc now ~8018)
[2026-08-19 16:57:32]   +polyglot/go/ics_honeypot_server.go  (loc now ~8434)
[2026-08-19 16:59:44]   +polyglot/rust/ics_honeypot_server.rs  (loc now ~8849)
[2026-08-19 17:01:39]   +polyglot/typescript/ics_honeypot_server.ts  (loc now ~9307)
[2026-08-19 17:03:17]   +polyglot/c/ics_honeypot_server.c  (loc now ~9583)
[2026-08-19 17:04:49]   +polyglot/cpp/ics_honeypot_server.cpp  (loc now ~9935)
[2026-08-19 17:06:44]   +polyglot/java/ics_honeypot_server.java  (loc now ~10351)
